------------------------------------------------------------
Timing Analyzer Summary
------------------------------------------------------------

Type  : Slow 1200mV 85C Model Setup 'CLOCK_50'
Slack : -3.242
TNS   : -52.024

Type  : Slow 1200mV 85C Model Setup 'Counter:inst23|Over'
Slack : -1.265
TNS   : -15.172

Type  : Slow 1200mV 85C Model Setup 'inst32853'
Slack : -0.596
TNS   : -4.150

Type  : Slow 1200mV 85C Model Setup 'inst32'
Slack : -0.287
TNS   : -1.138

Type  : Slow 1200mV 85C Model Hold 'Counter:inst23|Over'
Slack : 0.223
TNS   : 0.000

Type  : Slow 1200mV 85C Model Hold 'inst32'
Slack : 0.407
TNS   : 0.000

Type  : Slow 1200mV 85C Model Hold 'CLOCK_50'
Slack : 0.620
TNS   : 0.000

Type  : Slow 1200mV 85C Model Hold 'inst32853'
Slack : 0.742
TNS   : 0.000

Type  : Slow 1200mV 85C Model Minimum Pulse Width 'CLOCK_50'
Slack : -3.000
TNS   : -29.985

Type  : Slow 1200mV 85C Model Minimum Pulse Width 'Counter:inst23|Over'
Slack : -1.285
TNS   : -25.700

Type  : Slow 1200mV 85C Model Minimum Pulse Width 'inst32'
Slack : -1.285
TNS   : -10.280

Type  : Slow 1200mV 85C Model Minimum Pulse Width 'inst32853'
Slack : -1.285
TNS   : -10.280

Type  : Slow 1200mV 0C Model Setup 'CLOCK_50'
Slack : -2.943
TNS   : -45.962

Type  : Slow 1200mV 0C Model Setup 'Counter:inst23|Over'
Slack : -1.091
TNS   : -12.327

Type  : Slow 1200mV 0C Model Setup 'inst32853'
Slack : -0.433
TNS   : -2.923

Type  : Slow 1200mV 0C Model Setup 'inst32'
Slack : -0.163
TNS   : -0.356

Type  : Slow 1200mV 0C Model Hold 'Counter:inst23|Over'
Slack : 0.252
TNS   : 0.000

Type  : Slow 1200mV 0C Model Hold 'inst32'
Slack : 0.378
TNS   : 0.000

Type  : Slow 1200mV 0C Model Hold 'CLOCK_50'
Slack : 0.567
TNS   : 0.000

Type  : Slow 1200mV 0C Model Hold 'inst32853'
Slack : 0.657
TNS   : 0.000

Type  : Slow 1200mV 0C Model Minimum Pulse Width 'CLOCK_50'
Slack : -3.000
TNS   : -29.985

Type  : Slow 1200mV 0C Model Minimum Pulse Width 'Counter:inst23|Over'
Slack : -1.285
TNS   : -25.700

Type  : Slow 1200mV 0C Model Minimum Pulse Width 'inst32'
Slack : -1.285
TNS   : -10.280

Type  : Slow 1200mV 0C Model Minimum Pulse Width 'inst32853'
Slack : -1.285
TNS   : -10.280

Type  : Fast 1200mV 0C Model Setup 'CLOCK_50'
Slack : -1.109
TNS   : -13.832

Type  : Fast 1200mV 0C Model Setup 'Counter:inst23|Over'
Slack : -0.137
TNS   : -0.799

Type  : Fast 1200mV 0C Model Setup 'inst32853'
Slack : 0.117
TNS   : 0.000

Type  : Fast 1200mV 0C Model Setup 'inst32'
Slack : 0.343
TNS   : 0.000

Type  : Fast 1200mV 0C Model Hold 'Counter:inst23|Over'
Slack : -0.023
TNS   : -0.023

Type  : Fast 1200mV 0C Model Hold 'inst32'
Slack : 0.168
TNS   : 0.000

Type  : Fast 1200mV 0C Model Hold 'CLOCK_50'
Slack : 0.280
TNS   : 0.000

Type  : Fast 1200mV 0C Model Hold 'inst32853'
Slack : 0.342
TNS   : 0.000

Type  : Fast 1200mV 0C Model Minimum Pulse Width 'CLOCK_50'
Slack : -3.000
TNS   : -30.330

Type  : Fast 1200mV 0C Model Minimum Pulse Width 'Counter:inst23|Over'
Slack : -1.000
TNS   : -20.000

Type  : Fast 1200mV 0C Model Minimum Pulse Width 'inst32'
Slack : -1.000
TNS   : -8.000

Type  : Fast 1200mV 0C Model Minimum Pulse Width 'inst32853'
Slack : -1.000
TNS   : -8.000

------------------------------------------------------------
